apiVersion: apps/v1
kind: Deployment
metadata:
  creationTimestamp: null
  name: nginx
spec:
  selector:
    matchLabels:
      app: nginx
  strategy: {}
  template:
    metadata:
      annotations:
        linkerd.io/created-by: linkerd/cli dev-undefined
        linkerd.io/identity-mode: disabled
        linkerd.io/proxy-version: dev-undefined
      creationTimestamp: null
      labels:
        app: nginx
        linkerd.io/control-plane-ns: linkerd
        linkerd.io/proxy-deployment: nginx
    spec:
      containers:
      - image: nginx
        name: nginx
        ports:
        - containerPort: 80
          name: http
        resources: {}
      - env:
        - name: LINKERD2_PROXY_LOG
          value: warn,linkerd2_proxy=info
        - name: LINKERD2_PROXY_DESTINATION_SVC_ADDR
          value: linkerd-destination.linkerd.svc.cluster.local:8086
        - name: LINKERD2_PROXY_CONTROL_LISTEN_ADDR
          value: 0.0.0.0:4190
        - name: LINKERD2_PROXY_ADMIN_LISTEN_ADDR
          value: 0.0.0.0:4191
        - name: LINKERD2_PROXY_OUTBOUND_LISTEN_ADDR
          value: 127.0.0.1:4140
        - name: LINKERD2_PROXY_INBOUND_LISTEN_ADDR
          value: 0.0.0.0:4143
        - name: LINKERD2_PROXY_DESTINATION_PROFILE_SUFFIXES
          value: .
        - name: LINKERD2_PROXY_INBOUND_ACCEPT_KEEPALIVE
          value: 10000ms
        - name: LINKERD2_PROXY_OUTBOUND_CONNECT_KEEPALIVE
          value: 10000ms
        - name: K8S_NS
          valueFrom:
            fieldRef:
              fieldPath: metadata.namespace
        - name: LINKERD2_PROXY_DESTINATION_CONTEXT
          value: ns:$(K8S_NS)
        - name: LINKERD2_PROXY_IDENTITY_DISABLED
          value: Identity configuration is unavailable
        image: gcr.io/linkerd-io/proxy:dev-undefined
        imagePullPolicy: IfNotPresent
        livenessProbe:
          httpGet:
            path: /metrics
            port: 4191
          initialDelaySeconds: 10
        name: linkerd-proxy
        ports:
        - containerPort: 4143
          name: linkerd-proxy
        - containerPort: 4191
          name: linkerd-admin
        readinessProbe:
          httpGet:
            path: /ready
            port: 4191
          initialDelaySeconds: 2
        resources: {}
        securityContext:
          runAsUser: 2102
        terminationMessagePolicy: FallbackToLogsOnError
      initContainers:
      - args:
        - --incoming-proxy-port
        - "4143"
        - --outgoing-proxy-port
        - "4140"
        - --proxy-uid
        - "2102"
        - --inbound-ports-to-ignore
        - 4190,4191
        image: gcr.io/linkerd-io/proxy-init:dev-undefined
        imagePullPolicy: IfNotPresent
        name: linkerd-init
        resources: {}
        securityContext:
          capabilities:
            add:
            - NET_ADMIN
          privileged: false
          runAsNonRoot: false
          runAsUser: 0
        terminationMessagePolicy: FallbackToLogsOnError
status: {}
---
